Godot Engine v4.6.2.stable.official.71f334935 - https://godotengine.org
TextServer: Added interface "Dummy"
TextServer: Added interface "ICU / HarfBuzz / Graphite (Built-in)"
Unrecognized output string "misc2" in mapping:
030000008a2e0000dd10000000000000,Hand Held Legend GC Ultimate,a:b0,b:b2,back:b17,dpdown:b5,dpleft:b6,dpright:b7,dpup:b4,guide:b18,leftshoulder:b10,leftstick:b8,lefttrigger:a3,leftx:a0,lefty:a1,misc1:b19,misc2:b24,paddle1:b13,paddle2:b12,rightshoulder:b11,rightstick:b9,righttrigger:a4,rightx:a2,righty:a5,start:b16,x:b1,y:b3,platform:Windows,
Unrecognized output string "misc2" in mapping:
030000000d0f00000202000000000000,Horipad O Nintendo Switch 2 Controller,a:b1,b:b0,back:b8,dpdown:h0.4,dpleft:h0.8,dpright:h0.2,dpup:h0.1,guide:b12,leftshoulder:b4,leftstick:b10,lefttrigger:b6,leftx:a0,lefty:a1,misc1:b13,misc2:b14,rightshoulder:b5,rightstick:b11,righttrigger:b7,rightx:a2,righty:a3,start:b9,x:b3,y:b2,platform:Windows,
Unrecognized output string "misc2" in mapping:
030000000d0f00009601000000000000,Horipad Steam,a:b0,b:b1,back:b10,dpdown:h0.4,dpleft:h0.8,dpright:h0.2,dpup:h0.1,guide:b12,leftshoulder:b6,leftstick:b13,lefttrigger:b8,leftx:a0,lefty:a1,misc2:b2,paddle1:b5,paddle2:b15,paddle3:b18,paddle4:b19,rightshoulder:b7,rightstick:b14,righttrigger:b9,rightx:a3,righty:a4,start:b11,x:b3,y:b4,platform:Windows,
Unrecognized output string "misc2" in mapping:
030000007e0500006920000000000000,Nintendo Switch 2 Pro Controller,a:b0,b:b1,back:b14,dpdown:b8,dpleft:b10,dpright:b9,dpup:b11,guide:b16,leftshoulder:b12,leftstick:b15,lefttrigger:b13,leftx:a0,lefty:a1~,misc1:b17,misc2:b20,paddle1:b18,paddle2:b19,rightshoulder:b4,rightstick:b7,righttrigger:b5,rightx:a2,righty:a3~,start:b6,x:b2,y:b3,platform:Windows,
Using "default" pen tablet driver...

TextServer: Primary interface set to: "ICU / HarfBuzz / Graphite (Built-in)".
CORE API HASH: 4039755037
EDITOR API HASH: 223528947
SceneTreeFTI: traversal method DEFAULT
Loading resource: res://src/autoload/GameState.gd
Loading resource: res://src/autoload/SaveManager.gd
Loading resource: res://src/autoload/AudioManager.gd
Loading resource: res://src/autoload/SceneManager.gd
Loading resource: res://src/autoload/DialogueManager.gd
Loading resource: res://src/autoload/QuestManager.gd
Loading resource: res://src/autoload/CardEffects.gd
Loading resource: res://src/collectibles/CollectibleManager.gd
Loading resource: res://addons/godot_mcp/runtime/mcp_runtime.gd
Loading resource: res://scripts/mcp_interaction_server.gd
Loading resource: res://addons/godot-runtime-bridge/runtime_bridge/DebugServer.gd
Loading resource: res://addons/godot_mcp/mcp_screenshot_service.gd
Loading resource: res://addons/godot_mcp/mcp_input_service.gd
Loading resource: res://addons/godot_mcp/mcp_game_inspector_service.gd
Loaded system CA certificates
Loading resource: res://scenes/MainMenu.tscn
Loading resource: res://src/ui/MainMenu.gd
Loading resource: res://assets/themes/main_menu_theme.tres
[OpenClaw] GameState ready
[OpenClaw] SaveManager ready
[OpenClaw] AudioManager ready
[OpenClaw] SceneManager ready
[OpenClaw] DialogueManager ready
[OpenClaw] QuestManager ready
Loading resource: res://resources/cards/bentley_dental_boy.tres
Loading resource: res://src/inventory/SchemeCard.gd
Loading resource: res://resources/cards/bryce_swiss_timing.tres
Loading resource: res://resources/cards/clorox_wipe_protocol.tres
Loading resource: res://resources/cards/diamond_a_year.tres
Loading resource: res://resources/cards/doms_getaway_keys.tres
Loading resource: res://resources/cards/fish_treat_focus.tres
Loading resource: res://resources/cards/jakes_resident_orders.tres
Loading resource: res://resources/cards/jc_london_contact.tres
Loading resource: res://resources/cards/louis_delivery_route.tres
Loading resource: res://resources/cards/mere_legal_eyes.tres
Loading resource: res://resources/cards/persian_tea_focus.tres
Loading resource: res://resources/cards/polaroid_proof.tres
Loading resource: res://resources/cards/stationery_queen.tres
Loading resource: res://resources/cards/two_letters_away.tres
Loading resource: res://resources/cards/violet_counterpunch.tres
Loading resource: res://resources/cards/yordano_bass_drop.tres
[OpenClaw] CardManager ready with 16 cards
[OpenClaw] CardEffects ready
[OpenClaw] CollectibleManager ready
McpInteractionServer: Listening on 127.0.0.1:9090
[OpenClaw] Music cue: title_theme
McpInteractionServer: Stopped
XR: Clearing primary interface
XR: Removed interface "Native mobile"
XR: Removed interface "OpenXR"
